Hoje: 2026-06-21T11:52:48.229Z
login OK

=== DETALHE das conversas privadas (sem corte de data) ===

99016712958118  jid=557592310818@s.whatsapp.net
  list.lastMessageAt=2026-06-09T12:52:09.000Z
  detalhe: 72 msgs | mais recente=2026-06-09T12:52:09.000Z | mais antiga=2026-05-15T18:32:31.000Z

❤️araujo   jid=5511963342538@s.whatsapp.net
  list.lastMessageAt=2026-06-09T12:22:38.000Z
  detalhe: 16 msgs | mais recente=2026-06-09T12:22:38.000Z | mais antiga=2026-05-18T14:03:26.000Z

TIAGO WORLD  jid=553492952929@s.whatsapp.net
  list.lastMessageAt=2026-06-09T12:14:48.000Z
  detalhe: 47 msgs | mais recente=2026-06-09T12:14:48.000Z | mais antiga=2026-05-28T12:12:36.000Z

XP Iza.D - Defeitos  jid=5511971086782@s.whatsapp.net
  list.lastMessageAt=2026-06-09T12:03:36.000Z
  detalhe: 37 msgs | mais recente=2026-06-09T12:03:36.000Z | mais antiga=2026-06-02T16:30:52.000Z

XpBrasil Lili  jid=5511997431733@s.whatsapp.net
  list.lastMessageAt=2026-06-09T11:44:43.000Z
  detalhe: 15 msgs | mais recente=2026-06-09T11:44:43.000Z | mais antiga=2026-06-08T15:20:37.000Z

𝔻𝕒𝕚𝕒𝕟𝕖 𝔸𝕥𝕒𝕚𝕕𝕖𝕤 🦋  jid=557798140905@s.whatsapp.net
  list.lastMessageAt=2026-06-09T00:24:16.000Z
  detalhe: 15 msgs | mais recente=2026-06-09T00:24:16.000Z | mais antiga=2026-05-28T17:41:56.000Z


=== DAILY SUMMARY ===
{
  date: '2026-06-21',
  newCustomersCount: 0,
  recoveredCustomersCount: 0,
  totalMessagesSent: 0,
  totalMessagesReceived: 23,
  totalTelasSold: 0,
  totalOrders: 0,
  totalRevenue: 0,
  agents: [
    {
      agentId: 'instance:bdb17129-1cee-434d-b6de-07430707c658',
      agentName: 'Suelen',
      sentMessages: 0,
      receivedMessages: 20,
      privateChatsCount: 0,
      groupChatsCount: 0,
      initiatedCount: 0,
      screensSold: 0,
      ordersCount: 0,
      revenue: 0,
      attendedPrivateClients: [],
      attendedGroupClients: [],
      averageFirstResponseSeconds: null
    },
    {
      agentId: 'instance:e408855a-74b4-4009-80f4-520ac758761c',
      agentName: 'tamires',
      sentMessages: 0,
      receivedMessages: 3,
      privateChatsCount: 0,
      groupChatsCount: 0,
      initiatedCount: 0,
      screensSold: 0,
      ordersCount: 0,
      revenue: 0,
      attendedPrivateClients: [],
      attendedGroupClients: [],
      averageFirstResponseSeconds: null
    }
  ],
  newCustomersList: [],
  recoveredCustomersList: [],
  formattedText: '📅 *Relatório de Atendimento XP*\n' +
    '_21/06/2026_\n' +
    '\n' +
    '📱 *Clientes Novos no Dia:* 0\n' +
    '🔄 *Clientes Recuperados no Dia:* 0\n' +
    '\n' +
    '💬 *Resumo de Mensagens:*\n' +
    '📱 Enviadas: 0\n' +
    '🧾 Recebidas: 23\n' +
    '\n' +
    '🏆 *Ranking de Vendedoras e Atendimentos:*\n' +
    '\n' +
    '🥇 *Suelen*\n' +
    '💬 Mensagens Enviadas: 0\n' +
    '📱 Atendimentos Particular: 0\n' +
    '👥 Atendimentos em Grupo: 0\n' +
    '✨ Conversas Iniciadas: 0\n' +
    '\n' +
    '🥈 *tamires*\n' +
    '💬 Mensagens Enviadas: 0\n' +
    '📱 Atendimentos Particular: 0\n' +
    '👥 Atendimentos em Grupo: 0\n' +
    '✨ Conversas Iniciadas: 0\n' +
    '\n',
  averageFirstResponseSeconds: null
}

=== ACTIVITY REPORT days=20 (resumo por dia) ===
  2026-06-02: {"date":"2026-06-02","label":"02/06","weekday":"terça-feira"}
  2026-06-03: {"date":"2026-06-03","label":"03/06","weekday":"quarta-feira"}
  2026-06-04: {"date":"2026-06-04","label":"04/06","weekday":"quinta-feira"}
  2026-06-05: {"date":"2026-06-05","label":"05/06","weekday":"sexta-feira"}
  2026-06-06: {"date":"2026-06-06","label":"06/06","weekday":"sábado"}
  2026-06-07: {"date":"2026-06-07","label":"07/06","weekday":"domingo"}
  2026-06-08: {"date":"2026-06-08","label":"08/06","weekday":"segunda-feira"}
  2026-06-09: {"date":"2026-06-09","label":"09/06","weekday":"terça-feira"}
  2026-06-10: {"date":"2026-06-10","label":"10/06","weekday":"quarta-feira"}
  2026-06-11: {"date":"2026-06-11","label":"11/06","weekday":"quinta-feira"}
  2026-06-12: {"date":"2026-06-12","label":"12/06","weekday":"sexta-feira"}
  2026-06-13: {"date":"2026-06-13","label":"13/06","weekday":"sábado"}
  2026-06-14: {"date":"2026-06-14","label":"14/06","weekday":"domingo"}
  2026-06-15: {"date":"2026-06-15","label":"15/06","weekday":"segunda-feira"}
  2026-06-16: {"date":"2026-06-16","label":"16/06","weekday":"terça-feira"}
  2026-06-17: {"date":"2026-06-17","label":"17/06","weekday":"quarta-feira"}
  2026-06-18: {"date":"2026-06-18","label":"18/06","weekday":"quinta-feira"}
  2026-06-19: {"date":"2026-06-19","label":"19/06","weekday":"sexta-feira"}
  2026-06-20: {"date":"2026-06-20","label":"20/06","weekday":"sábado"}
  2026-06-21: {"date":"2026-06-21","label":"21/06","weekday":"domingo"}
